89.178.39.213 - - [06/Mar/2022:00:34:55 +0000] "GET / HTTP/1.1" 200 81393 "-" "Mozilla/5.0 (X11; Linux x86_64) AppleWebKit/537.36 (KHTML, like Gecko) Chrome/99.0.4844.51 Safari/537.36"
89.178.39.213 - - [06/Mar/2022:00:35:54 +0000] "GET / HTTP/1.1" 200 80971 "-" "Mozilla/5.0 (X11; Linux x86_64) AppleWebKit/537.36 (KHTML, like Gecko) Chrome/99.0.4844.51 Safari/537.36"
89.178.39.213 - - [06/Mar/2022:00:37:01 +0000] "GET / HTTP/1.1" 200 80973 "-" "Mozilla/5.0 (X11; Linux x86_64) AppleWebKit/537.36 (KHTML, like Gecko) Chrome/99.0.4844.51 Safari/537.36"
194.163.153.165 - - [06/Mar/2022:00:37:04 +0000] "GET / HTTP/1.1" 200 80445 "-" "Mozilla/5.0 (X11; Ubuntu; Linux x86_64; rv:76.0) Gecko/20100101 Firefox/76.0"
89.178.39.213 - - [06/Mar/2022:00:37:51 +0000] "GET / HTTP/1.1" 200 80971 "-" "Mozilla/5.0 (X11; Linux x86_64) AppleWebKit/537.36 (KHTML, like Gecko) Chrome/99.0.4844.51 Safari/537.36"
23.95.100.141 - - [06/Mar/2022:00:53:33 +0000] "HEAD / HTTP/1.0" 200 0 "-" "-"
194.163.153.165 - - [06/Mar/2022:01:15:56 +0000] "GET / HTTP/1.1" 200 80443 "-" "Mozilla/5.0 (X11; Ubuntu; Linux x86_64; rv:76.0) Gecko/20100101 Firefox/76.0"
194.163.153.165 - - [06/Mar/2022:01:19:43 +0000] "GET / HTTP/1.1" 200 80443 "-" "Mozilla/5.0 (X11; Ubuntu; Linux x86_64; rv:76.0) Gecko/20100101 Firefox/76.0"
45.154.255.147 - - [06/Mar/2022:01:24:03 +0000] "GET / HTTP/1.1" 200 79987 "-" "Mozilla/5.0 (Windows NT 10.0; Win64; x64) AppleWebKit/537.36 (KHTML, like Gecko) Chrome/95.0.4638.69 Safari/537.36"
190.195.242.175 - - [06/Mar/2022:01:29:20 +0000] "GET / HTTP/1.0" 200 13773 "-" "-"
194.163.153.165 - - [06/Mar/2022:01:34:34 +0000] "GET / HTTP/1.1" 200 80443 "-" "Mozilla/5.0 (X11; Ubuntu; Linux x86_64; rv:76.0) Gecko/20100101 Firefox/76.0"
167.172.67.151 - - [06/Mar/2022:01:47:31 +0000] "GET /wp-login.php HTTP/1.1" 404 153 "-" "Mozilla/5.0 (X11; Ubuntu; Linux x86_64; rv:62.0) Gecko/20100101 Firefox/62.0"
194.163.153.165 - - [06/Mar/2022:01:50:23 +0000] "GET / HTTP/1.1" 200 80441 "-" "Mozilla/5.0 (X11; Ubuntu; Linux x86_64; rv:76.0) Gecko/20100101 Firefox/76.0"
194.163.153.165 - - [06/Mar/2022:02:05:01 +0000] "GET / HTTP/1.1" 200 80443 "-" "Mozilla/5.0 (X11; Ubuntu; Linux x86_64; rv:76.0) Gecko/20100101 Firefox/76.0"
20.113.177.224 - - [06/Mar/2022:02:19:08 +0000] "GET /.env HTTP/1.1" 200 80005 "-" "Mozilla/5.0 (X11; Linux x86_64) AppleWebKit/537.36 (KHTML, like Gecko) Chrome/81.0.4044.129 Safari/537.36"
20.113.177.224 - - [06/Mar/2022:02:19:10 +0000] "POST / HTTP/1.1" 200 80602 "-" "Mozilla/5.0 (X11; Linux x86_64) AppleWebKit/537.36 (KHTML, like Gecko) Chrome/81.0.4044.129 Safari/537.36"
194.163.153.165 - - [06/Mar/2022:02:22:57 +0000] "GET / HTTP/1.1" 200 80443 "-" "Mozilla/5.0 (X11; Ubuntu; Linux x86_64; rv:76.0) Gecko/20100101 Firefox/76.0"
185.162.235.132 - - [06/Mar/2022:02:29:26 +0000] "GET / HTTP/1.1" 200 79461 "-" "curl/7.47.0"
194.163.153.165 - - [06/Mar/2022:02:36:59 +0000] "GET / HTTP/1.1" 200 80443 "-" "Mozilla/5.0 (X11; Ubuntu; Linux x86_64; rv:76.0) Gecko/20100101 Firefox/76.0"
194.163.153.165 - - [06/Mar/2022:02:40:52 +0000] "GET / HTTP/1.1" 200 80443 "-" "Mozilla/5.0 (X11; Ubuntu; Linux x86_64; rv:76.0) Gecko/20100101 Firefox/76.0"
201.150.182.110 - - [06/Mar/2022:02:41:01 +0000] "GET / HTTP/1.1" 200 79642 "-" "Mozilla/5.0 (Windows NT 10.0; WOW64) AppleWebKit/537.36 (KHTML, like Gecko) Chrome/51.0.2704.103 Safari/537.36"
194.163.153.165 - - [06/Mar/2022:02:57:48 +0000] "GET / HTTP/1.1" 200 80443 "-" "Mozilla/5.0 (X11; Ubuntu; Linux x86_64; rv:76.0) Gecko/20100101 Firefox/76.0"
194.163.153.165 - - [06/Mar/2022:03:08:40 +0000] "GET / HTTP/1.1" 200 80443 "-" "Mozilla/5.0 (X11; Ubuntu; Linux x86_64; rv:76.0) Gecko/20100101 Firefox/76.0"
194.163.153.165 - - [06/Mar/2022:03:26:00 +0000] "GET / HTTP/1.1" 200 80441 "-" "Mozilla/5.0 (X11; Ubuntu; Linux x86_64; rv:76.0) Gecko/20100101 Firefox/76.0"
194.163.153.165 - - [06/Mar/2022:03:32:17 +0000] "GET / HTTP/1.1" 200 80443 "-" "Mozilla/5.0 (X11; Ubuntu; Linux x86_64; rv:76.0) Gecko/20100101 Firefox/76.0"
194.163.153.165 - - [06/Mar/2022:03:50:33 +0000] "GET / HTTP/1.1" 200 80441 "-" "Mozilla/5.0 (X11; Ubuntu; Linux x86_64; rv:76.0) Gecko/20100101 Firefox/76.0"
194.163.153.165 - - [06/Mar/2022:03:51:46 +0000] "GET / HTTP/1.1" 200 80443 "-" "Mozilla/5.0 (X11; Ubuntu; Linux x86_64; rv:76.0) Gecko/20100101 Firefox/76.0"
194.163.153.165 - - [06/Mar/2022:04:14:33 +0000] "GET / HTTP/1.1" 200 80443 "-" "Mozilla/5.0 (X11; Ubuntu; Linux x86_64; rv:76.0) Gecko/20100101 Firefox/76.0"
194.163.153.165 - - [06/Mar/2022:04:21:45 +0000] "GET / HTTP/1.1" 200 80443 "-" "Mozilla/5.0 (X11; Ubuntu; Linux x86_64; rv:76.0) Gecko/20100101 Firefox/76.0"
62.210.144.248 - - [06/Mar/2022:04:26:10 +0000] "GET / HTTP/1.1" 200 79493 "-" "Go-http-client/1.1"
62.210.144.248 - - [06/Mar/2022:04:26:10 +0000] "GET / HTTP/1.1" 200 79493 "-" "Go-http-client/1.1"
62.210.144.248 - - [06/Mar/2022:04:26:10 +0000] "GET /.env HTTP/1.1" 200 79501 "-" "Go-http-client/1.1"
62.210.144.248 - - [06/Mar/2022:04:26:11 +0000] "GET /.git HTTP/1.1" 200 79501 "-" "Go-http-client/1.1"
62.210.144.248 - - [06/Mar/2022:04:26:11 +0000] "GET /.env HTTP/1.1" 200 79501 "-" "Go-http-client/1.1"
62.210.144.248 - - [06/Mar/2022:04:26:11 +0000] "GET /.git HTTP/1.1" 200 79499 "-" "Go-http-client/1.1"
62.210.144.180 - - [06/Mar/2022:04:26:11 +0000] "GET / HTTP/1.1" 200 79493 "-" "Go-http-client/1.1"
62.210.144.180 - - [06/Mar/2022:04:26:11 +0000] "GET / HTTP/1.1" 200 79493 "-" "Go-http-client/1.1"
62.210.144.180 - - [06/Mar/2022:04:26:11 +0000] "GET /.env HTTP/1.1" 200 79501 "-" "Go-http-client/1.1"
62.210.144.180 - - [06/Mar/2022:04:26:11 +0000] "GET /.env HTTP/1.1" 200 79501 "-" "Go-http-client/1.1"
62.210.144.180 - - [06/Mar/2022:04:26:11 +0000] "GET /.git HTTP/1.1" 200 79501 "-" "Go-http-client/1.1"
62.210.144.180 - - [06/Mar/2022:04:26:11 +0000] "GET /.git HTTP/1.1" 200 79501 "-" "Go-http-client/1.1"
95.108.213.54 - - [06/Mar/2022:04:30:02 +0000] "GET / HTTP/1.1" 200 80337 "-" "Mozilla/5.0 (compatible; YandexBot/3.0; +http://yandex.com/bots)"
42.235.65.69 - - [06/Mar/2022:04:30:11 +0000] "GET /boaform/admin/formLogin?username=adminisp&psd=adminisp HTTP/1.0" 200 79328 "-" "-"
194.163.153.165 - - [06/Mar/2022:04:34:54 +0000] "GET / HTTP/1.1" 200 80443 "-" "Mozilla/5.0 (X11; Ubuntu; Linux x86_64; rv:76.0) Gecko/20100101 Firefox/76.0"
194.163.153.165 - - [06/Mar/2022:04:44:43 +0000] "GET / HTTP/1.1" 200 80443 "-" "Mozilla/5.0 (X11; Ubuntu; Linux x86_64; rv:76.0) Gecko/20100101 Firefox/76.0"
103.194.248.126 - - [06/Mar/2022:04:46:27 +0000] "GET / HTTP/1.1" 200 79640 "-" "Mozilla/5.0 (Windows NT 6.1; WOW64) AppleWebKit/537.36 (KHTML, like Gecko) Chrome/51.0.2704.103 Safari/537.36"
194.163.153.165 - - [06/Mar/2022:05:10:30 +0000] "GET / HTTP/1.1" 200 80443 "-" "Mozilla/5.0 (X11; Ubuntu; Linux x86_64; rv:76.0) Gecko/20100101 Firefox/76.0"
194.163.153.165 - - [06/Mar/2022:05:18:12 +0000] "GET / HTTP/1.1" 200 80443 "-" "Mozilla/5.0 (X11; Ubuntu; Linux x86_64; rv:76.0) Gecko/20100101 Firefox/76.0"
194.163.153.165 - - [06/Mar/2022:05:35:16 +0000] "GET / HTTP/1.1" 200 80443 "-" "Mozilla/5.0 (X11; Ubuntu; Linux x86_64; rv:76.0) Gecko/20100101 Firefox/76.0"
194.163.153.165 - - [06/Mar/2022:05:39:23 +0000] "GET / HTTP/1.1" 200 80443 "-" "Mozilla/5.0 (X11; Ubuntu; Linux x86_64; rv:76.0) Gecko/20100101 Firefox/76.0"
194.163.153.165 - - [06/Mar/2022:06:07:04 +0000] "GET / HTTP/1.1" 200 80443 "-" "Mozilla/5.0 (X11; Ubuntu; Linux x86_64; rv:76.0) Gecko/20100101 Firefox/76.0"
194.163.153.165 - - [06/Mar/2022:06:23:18 +0000] "GET / HTTP/1.1" 200 80443 "-" "Mozilla/5.0 (X11; Ubuntu; Linux x86_64; rv:76.0) Gecko/20100101 Firefox/76.0"
194.163.153.165 - - [06/Mar/2022:06:30:15 +0000] "GET / HTTP/1.1" 200 80443 "-" "Mozilla/5.0 (X11; Ubuntu; Linux x86_64; rv:76.0) Gecko/20100101 Firefox/76.0"
194.163.153.165 - - [06/Mar/2022:06:34:37 +0000] "GET / HTTP/1.1" 200 80443 "-" "Mozilla/5.0 (X11; Ubuntu; Linux x86_64; rv:76.0) Gecko/20100101 Firefox/76.0"
194.163.153.165 - - [06/Mar/2022:06:43:40 +0000] "GET / HTTP/1.1" 200 80443 "-" "Mozilla/5.0 (X11; Ubuntu; Linux x86_64; rv:76.0) Gecko/20100101 Firefox/76.0"
194.163.153.165 - - [06/Mar/2022:06:49:00 +0000] "GET / HTTP/1.1" 200 80443 "-" "Mozilla/5.0 (X11; Ubuntu; Linux x86_64; rv:76.0) Gecko/20100101 Firefox/76.0"
194.163.153.165 - - [06/Mar/2022:07:10:20 +0000] "GET / HTTP/1.1" 200 80443 "-" "Mozilla/5.0 (X11; Ubuntu; Linux x86_64; rv:76.0) Gecko/20100101 Firefox/76.0"
194.163.153.165 - - [06/Mar/2022:07:35:17 +0000] "GET / HTTP/1.1" 200 80443 "-" "Mozilla/5.0 (X11; Ubuntu; Linux x86_64; rv:76.0) Gecko/20100101 Firefox/76.0"
194.163.153.165 - - [06/Mar/2022:07:41:53 +0000] "GET / HTTP/1.1" 200 80443 "-" "Mozilla/5.0 (X11; Ubuntu; Linux x86_64; rv:76.0) Gecko/20100101 Firefox/76.0"
194.163.153.165 - - [06/Mar/2022:07:48:29 +0000] "GET / HTTP/1.1" 200 80443 "-" "Mozilla/5.0 (X11; Ubuntu; Linux x86_64; rv:76.0) Gecko/20100101 Firefox/76.0"
194.163.153.165 - - [06/Mar/2022:07:55:55 +0000] "GET / HTTP/1.1" 200 80443 "-" "Mozilla/5.0 (X11; Ubuntu; Linux x86_64; rv:76.0) Gecko/20100101 Firefox/76.0"
194.163.153.165 - - [06/Mar/2022:08:05:50 +0000] "GET / HTTP/1.1" 200 80443 "-" "Mozilla/5.0 (X11; Ubuntu; Linux x86_64; rv:76.0) Gecko/20100101 Firefox/76.0"
194.163.153.165 - - [06/Mar/2022:08:14:53 +0000] "GET / HTTP/1.1" 200 80451 "-" "Mozilla/5.0 (X11; Ubuntu; Linux x86_64; rv:76.0) Gecko/20100101 Firefox/76.0"
194.163.153.165 - - [06/Mar/2022:08:23:36 +0000] "GET / HTTP/1.1" 200 80443 "-" "Mozilla/5.0 (X11; Ubuntu; Linux x86_64; rv:76.0) Gecko/20100101 Firefox/76.0"
194.163.153.165 - - [06/Mar/2022:08:37:01 +0000] "GET / HTTP/1.1" 200 80443 "-" "Mozilla/5.0 (X11; Ubuntu; Linux x86_64; rv:76.0) Gecko/20100101 Firefox/76.0"
61.7.183.60 - - [06/Mar/2022:08:49:10 +0000] "GET / HTTP/1.1" 200 79632 "-" "Mozilla/5.0 (Windows NT 6.1; WOW64) AppleWebKit/537.36 (KHTML, like Gecko) Chrome/52.0.2743.116 Safari/537.36"
194.163.153.165 - - [06/Mar/2022:08:59:39 +0000] "GET / HTTP/1.1" 200 80443 "-" "Mozilla/5.0 (X11; Ubuntu; Linux x86_64; rv:76.0) Gecko/20100101 Firefox/76.0"
184.105.139.67 - - [06/Mar/2022:09:04:45 +0000] "GET / HTTP/1.1" 200 79145 "-" "-"
194.163.153.165 - - [06/Mar/2022:09:06:42 +0000] "GET / HTTP/1.1" 200 80451 "-" "Mozilla/5.0 (X11; Ubuntu; Linux x86_64; rv:76.0) Gecko/20100101 Firefox/76.0"
128.14.134.170 - - [06/Mar/2022:09:09:39 +0000] "GET / HTTP/1.1" 200 79832 "-" "Mozilla/5.0 (Windows NT 10.0; Win64; x64) AppleWebKit/537.36 (KHTML, like Gecko) Chrome/60.0.3112.113 Safari/537.36"
194.163.153.165 - - [06/Mar/2022:09:19:39 +0000] "GET / HTTP/1.1" 200 80443 "-" "Mozilla/5.0 (X11; Ubuntu; Linux x86_64; rv:76.0) Gecko/20100101 Firefox/76.0"
89.178.39.213 - - [06/Mar/2022:09:26:02 +0000] "GET / HTTP/1.1" 200 80705 "-" "Mozilla/5.0 (Linux; Android 7.1.2; Redmi 5) AppleWebKit/537.36 (KHTML, like Gecko) Chrome/98.0.4758.101 Mobile Safari/537.36"
194.163.153.165 - - [06/Mar/2022:09:27:05 +0000] "GET / HTTP/1.1" 200 80443 "-" "Mozilla/5.0 (X11; Ubuntu; Linux x86_64; rv:76.0) Gecko/20100101 Firefox/76.0"
194.163.153.165 - - [06/Mar/2022:09:36:35 +0000] "GET / HTTP/1.1" 200 80443 "-" "Mozilla/5.0 (X11; Ubuntu; Linux x86_64; rv:76.0) Gecko/20100101 Firefox/76.0"
194.163.153.165 - - [06/Mar/2022:09:44:18 +0000] "GET / HTTP/1.1" 200 80443 "-" "Mozilla/5.0 (X11; Ubuntu; Linux x86_64; rv:76.0) Gecko/20100101 Firefox/76.0"
194.5.82.78 - - [06/Mar/2022:09:44:42 +0000] "GET /.env HTTP/1.1" 200 80001 "-" "Mozilla/5.0 (X11; Linux x86_64) AppleWebKit/537.36 (KHTML, like Gecko) Chrome/81.0.4044.129 Safari/537.36"
194.5.82.78 - - [06/Mar/2022:09:44:57 +0000] "POST / HTTP/1.1" 200 80598 "-" "Mozilla/5.0 (X11; Linux x86_64) AppleWebKit/537.36 (KHTML, like Gecko) Chrome/81.0.4044.129 Safari/537.36"
194.163.153.165 - - [06/Mar/2022:10:05:36 +0000] "GET / HTTP/1.1" 200 80443 "-" "Mozilla/5.0 (X11; Ubuntu; Linux x86_64; rv:76.0) Gecko/20100101 Firefox/76.0"
194.163.153.165 - - [06/Mar/2022:10:10:33 +0000] "GET / HTTP/1.1" 200 80443 "-" "Mozilla/5.0 (X11; Ubuntu; Linux x86_64; rv:76.0) Gecko/20100101 Firefox/76.0"
192.241.217.190 - - [06/Mar/2022:10:37:27 +0000] "GET /portal/redlion HTTP/1.1" 200 79670 "-" "Mozilla/5.0 zgrab/0.x"
194.163.153.165 - - [06/Mar/2022:10:47:28 +0000] "GET / HTTP/1.1" 200 80443 "-" "Mozilla/5.0 (X11; Ubuntu; Linux x86_64; rv:76.0) Gecko/20100101 Firefox/76.0"
194.163.153.165 - - [06/Mar/2022:10:50:28 +0000] "GET / HTTP/1.1" 200 80443 "-" "Mozilla/5.0 (X11; Ubuntu; Linux x86_64; rv:76.0) Gecko/20100101 Firefox/76.0"
2.56.59.20 - - [06/Mar/2022:11:00:31 +0000] "GET / HTTP/1.1" 200 79143 "-" "-"
2.56.59.20 - - [06/Mar/2022:11:00:31 +0000] "POST /HNAP1/ HTTP/1.1" 200 80543 "-" "Mozila/5.0"
2.56.59.20 - - [06/Mar/2022:11:00:31 +0000] "POST /HNAP1/ HTTP/1.1" 200 80543 "-" "Mozila/5.0"
2.56.59.20 - - [06/Mar/2022:11:00:31 +0000] "POST /HNAP1/ HTTP/1.1" 200 80541 "-" "Mozila/5.0"
194.163.153.165 - - [06/Mar/2022:11:03:34 +0000] "GET / HTTP/1.1" 200 80443 "-" "Mozilla/5.0 (X11; Ubuntu; Linux x86_64; rv:76.0) Gecko/20100101 Firefox/76.0"
194.163.153.165 - - [06/Mar/2022:11:22:30 +0000] "GET / HTTP/1.1" 200 80441 "-" "Mozilla/5.0 (X11; Ubuntu; Linux x86_64; rv:76.0) Gecko/20100101 Firefox/76.0"
192.241.217.241 - - [06/Mar/2022:11:24:01 +0000] "GET /hudson HTTP/1.1" 200 79658 "-" "Mozilla/5.0 zgrab/0.x"
154.70.99.56 - - [06/Mar/2022:11:33:15 +0000] "GET / HTTP/1.1" 200 79634 "-" "Mozilla/5.0 (Windows NT 6.1; WOW64) AppleWebKit/537.36 (KHTML, like Gecko) Chrome/52.0.2743.116 Safari/537.36"
194.163.153.165 - - [06/Mar/2022:11:41:01 +0000] "GET / HTTP/1.1" 200 80441 "-" "Mozilla/5.0 (X11; Ubuntu; Linux x86_64; rv:76.0) Gecko/20100101 Firefox/76.0"
194.163.153.165 - - [06/Mar/2022:11:46:05 +0000] "GET / HTTP/1.1" 200 80443 "-" "Mozilla/5.0 (X11; Ubuntu; Linux x86_64; rv:76.0) Gecko/20100101 Firefox/76.0"
88.247.240.163 - - [06/Mar/2022:11:55:06 +0000] "GET / HTTP/1.0" 200 29737 "-" "-"
183.136.226.3 - - [06/Mar/2022:11:56:04 +0000] "GET / HTTP/1.1" 200 79772 "-" "Mozilla/5.0 (Macintosh; Intel Mac OS X 10.11; rv:47.0) Gecko/20100101 Firefox/47.0"
194.163.153.165 - - [06/Mar/2022:11:57:50 +0000] "GET / HTTP/1.1" 200 80443 "-" "Mozilla/5.0 (X11; Ubuntu; Linux x86_64; rv:76.0) Gecko/20100101 Firefox/76.0"
194.163.153.165 - - [06/Mar/2022:12:32:23 +0000] "GET / HTTP/1.1" 200 80443 "-" "Mozilla/5.0 (X11; Ubuntu; Linux x86_64; rv:76.0) Gecko/20100101 Firefox/76.0"
157.90.209.76 - - [06/Mar/2022:12:33:46 +0000] "GET / HTTP/1.1" 200 80039 "-" "Mozilla/5.0 (compatible; BLEXBot/1.0; +http://webmeup-crawler.com/)"
194.163.153.165 - - [06/Mar/2022:12:41:16 +0000] "GET / HTTP/1.1" 200 80443 "-" "Mozilla/5.0 (X11; Ubuntu; Linux x86_64; rv:76.0) Gecko/20100101 Firefox/76.0"
194.163.153.165 - - [06/Mar/2022:13:02:50 +0000] "GET / HTTP/1.1" 200 80443 "-" "Mozilla/5.0 (X11; Ubuntu; Linux x86_64; rv:76.0) Gecko/20100101 Firefox/76.0"
194.163.153.165 - - [06/Mar/2022:13:22:10 +0000] "GET / HTTP/1.1" 200 80443 "-" "Mozilla/5.0 (X11; Ubuntu; Linux x86_64; rv:76.0) Gecko/20100101 Firefox/76.0"
37.0.10.28 - - [06/Mar/2022:13:23:17 +0000] "GET / HTTP/1.1" 200 80433 "-" "Mozilla/5.0 (X11; Ubuntu; Linux x86_64; rv:76.0) Gecko/20100101 Firefox/76.0"
176.193.226.12 - - [06/Mar/2022:13:27:18 +0000] "GET / HTTP/1.1" 200 79638 "-" "Mozilla/5.0 (Windows NT 6.1; WOW64) AppleWebKit/537.36 (KHTML, like Gecko) Chrome/51.0.2704.103 Safari/537.36"
194.163.153.165 - - [06/Mar/2022:13:41:29 +0000] "GET / HTTP/1.1" 200 80447 "-" "Mozilla/5.0 (X11; Ubuntu; Linux x86_64; rv:76.0) Gecko/20100101 Firefox/76.0"
194.163.153.165 - - [06/Mar/2022:13:56:31 +0000] "GET / HTTP/1.1" 200 80443 "-" "Mozilla/5.0 (X11; Ubuntu; Linux x86_64; rv:76.0) Gecko/20100101 Firefox/76.0"
194.163.153.165 - - [06/Mar/2022:14:03:33 +0000] "GET / HTTP/1.1" 200 80443 "-" "Mozilla/5.0 (X11; Ubuntu; Linux x86_64; rv:76.0) Gecko/20100101 Firefox/76.0"
194.163.153.165 - - [06/Mar/2022:14:12:33 +0000] "GET / HTTP/1.1" 200 80443 "-" "Mozilla/5.0 (X11; Ubuntu; Linux x86_64; rv:76.0) Gecko/20100101 Firefox/76.0"
194.163.153.165 - - [06/Mar/2022:14:21:45 +0000] "GET / HTTP/1.1" 200 80451 "-" "Mozilla/5.0 (X11; Ubuntu; Linux x86_64; rv:76.0) Gecko/20100101 Firefox/76.0"
194.163.153.165 - - [06/Mar/2022:14:29:15 +0000] "GET / HTTP/1.1" 200 80443 "-" "Mozilla/5.0 (X11; Ubuntu; Linux x86_64; rv:76.0) Gecko/20100101 Firefox/76.0"
35.195.93.98 - - [06/Mar/2022:14:31:41 +0000] "GET / HTTP/1.1" 200 80414 "-" "python-requests/2.27.1"
194.163.153.165 - - [06/Mar/2022:14:38:09 +0000] "GET / HTTP/1.1" 200 80443 "-" "Mozilla/5.0 (X11; Ubuntu; Linux x86_64; rv:76.0) Gecko/20100101 Firefox/76.0"
194.163.153.165 - - [06/Mar/2022:14:47:17 +0000] "GET / HTTP/1.1" 200 80443 "-" "Mozilla/5.0 (X11; Ubuntu; Linux x86_64; rv:76.0) Gecko/20100101 Firefox/76.0"
80.94.93.3 - - [06/Mar/2022:14:49:07 +0000] "GET /admin/config.php HTTP/1.1" 404 153 "-" "gbrmss/7.29.0"
107.182.128.17 - - [06/Mar/2022:14:49:50 +0000] "GET /.env HTTP/1.1" 200 80139 "-" "Mozilla/5.0 (Linux; U; Android 4.4.2; en-US; HM NOTE 1W Build/KOT49H) AppleWebKit/534.30 (KHTML, like Gecko) Version/4.0 UCBrowser/11.0.5.850 U3/0.8.0 Mobile Safari/534.30"
107.182.128.17 - - [06/Mar/2022:14:49:50 +0000] "POST / HTTP/1.1" 200 80736 "-" "Mozilla/5.0 (Linux; U; Android 4.4.2; en-US; HM NOTE 1W Build/KOT49H) AppleWebKit/534.30 (KHTML, like Gecko) Version/4.0 UCBrowser/11.0.5.850 U3/0.8.0 Mobile Safari/534.30"
194.163.153.165 - - [06/Mar/2022:14:56:04 +0000] "GET / HTTP/1.1" 200 80443 "-" "Mozilla/5.0 (X11; Ubuntu; Linux x86_64; rv:76.0) Gecko/20100101 Firefox/76.0"
194.163.153.165 - - [06/Mar/2022:14:58:57 +0000] "GET / HTTP/1.1" 200 80443 "-" "Mozilla/5.0 (X11; Ubuntu; Linux x86_64; rv:76.0) Gecko/20100101 Firefox/76.0"
194.163.153.165 - - [06/Mar/2022:15:06:38 +0000] "GET / HTTP/1.1" 200 80443 "-" "Mozilla/5.0 (X11; Ubuntu; Linux x86_64; rv:76.0) Gecko/20100101 Firefox/76.0"
194.163.153.165 - - [06/Mar/2022:15:13:50 +0000] "GET / HTTP/1.1" 200 80443 "-" "Mozilla/5.0 (X11; Ubuntu; Linux x86_64; rv:76.0) Gecko/20100101 Firefox/76.0"
128.1.248.42 - - [06/Mar/2022:15:14:55 +0000] "GET / HTTP/1.1" 200 79828 "-" "Mozilla/5.0 (Windows NT 10.0; Win64; x64) AppleWebKit/537.36 (KHTML, like Gecko) Chrome/60.0.3112.113 Safari/537.36"
194.163.153.165 - - [06/Mar/2022:15:26:11 +0000] "GET / HTTP/1.1" 200 80443 "-" "Mozilla/5.0 (X11; Ubuntu; Linux x86_64; rv:76.0) Gecko/20100101 Firefox/76.0"
194.163.153.165 - - [06/Mar/2022:15:41:43 +0000] "GET / HTTP/1.1" 200 80441 "-" "Mozilla/5.0 (X11; Ubuntu; Linux x86_64; rv:76.0) Gecko/20100101 Firefox/76.0"
222.186.19.235 - - [06/Mar/2022:15:42:18 +0000] "\x05\x01\x00" 400 157 "-" "-"
222.186.19.235 - - [06/Mar/2022:15:42:18 +0000] "\x16\x03\x01\x00\xEE\x01\x00\x00\xEA\x03\x03\xD2\xD3B7\x07to\x1Aj\x94" 400 157 "-" "-"
194.163.153.165 - - [06/Mar/2022:15:50:30 +0000] "GET / HTTP/1.1" 200 80443 "-" "Mozilla/5.0 (X11; Ubuntu; Linux x86_64; rv:76.0) Gecko/20100101 Firefox/76.0"
194.163.153.165 - - [06/Mar/2022:15:53:35 +0000] "GET / HTTP/1.1" 200 80443 "-" "Mozilla/5.0 (X11; Ubuntu; Linux x86_64; rv:76.0) Gecko/20100101 Firefox/76.0"
104.208.166.251 - - [06/Mar/2022:15:55:56 +0000] "GET / HTTP/1.1" 200 79835 "-" "python-requests/2.27.1"
194.163.153.165 - - [06/Mar/2022:16:00:35 +0000] "GET / HTTP/1.1" 200 80443 "-" "Mozilla/5.0 (X11; Ubuntu; Linux x86_64; rv:76.0) Gecko/20100101 Firefox/76.0"
192.241.221.43 - - [06/Mar/2022:16:07:31 +0000] "GET / HTTP/1.1" 200 79644 "-" "Mozilla/5.0 zgrab/0.x"
192.163.197.220 - - [06/Mar/2022:16:14:17 +0000] "GET /wp-login.php HTTP/1.1" 404 153 "-" "Mozilla/5.0 (X11; Ubuntu; Linux x86_64; rv:62.0) Gecko/20100101 Firefox/62.0"
161.35.230.183 - - [06/Mar/2022:16:18:25 +0000] "\x00\x0E8\xC9\x1Ea\xB3`d\x06\xC9\x00\x00\x00\x00\x00" 400 157 "-" "-"
194.163.153.165 - - [06/Mar/2022:16:22:16 +0000] "GET / HTTP/1.1" 200 80443 "-" "Mozilla/5.0 (X11; Ubuntu; Linux x86_64; rv:76.0) Gecko/20100101 Firefox/76.0"
23.101.151.207 - - [06/Mar/2022:16:38:45 +0000] "GET / HTTP/1.1" 200 80294 "-" "Mozilla/5.0 (Windows NT 10.0; Win64; x64) AppleWebKit/537.36 (KHTML, like Gecko) Chrome/88.0.4240.193 Safari/537.36"
23.101.151.207 - - [06/Mar/2022:16:38:45 +0000] "GET / HTTP/1.1" 200 80294 "-" "Mozilla/5.0 (Windows NT 10.0; Win64; x64) AppleWebKit/537.36 (KHTML, like Gecko) Chrome/88.0.4240.193 Safari/537.36"
23.101.151.207 - - [06/Mar/2022:16:38:45 +0000] "GET /xmlrpc.php?rsd HTTP/1.1" 404 555 "-" "Mozilla/5.0 (Windows NT 10.0; Win64; x64) AppleWebKit/537.36 (KHTML, like Gecko) Chrome/88.0.4240.193 Safari/537.36"
23.101.151.207 - - [06/Mar/2022:16:38:46 +0000] "GET / HTTP/1.1" 200 80294 "-" "Mozilla/5.0 (Windows NT 10.0; Win64; x64) AppleWebKit/537.36 (KHTML, like Gecko) Chrome/88.0.4240.193 Safari/537.36"
23.101.151.207 - - [06/Mar/2022:16:38:47 +0000] "" 400 0 "-" "-"
85.249.161.203 - - [06/Mar/2022:16:43:17 +0000] "GET / HTTP/1.1" 200 80827 "-" "Mozilla/5.0 (Windows NT 10.0; Win64; x64) AppleWebKit/537.36 (KHTML, like Gecko) Chrome/99.0.4844.51 Safari/537.36"
194.163.153.165 - - [06/Mar/2022:16:55:36 +0000] "GET / HTTP/1.1" 200 80443 "-" "Mozilla/5.0 (X11; Ubuntu; Linux x86_64; rv:76.0) Gecko/20100101 Firefox/76.0"
194.163.153.165 - - [06/Mar/2022:17:07:10 +0000] "GET / HTTP/1.1" 200 80443 "-" "Mozilla/5.0 (X11; Ubuntu; Linux x86_64; rv:76.0) Gecko/20100101 Firefox/76.0"
107.180.88.41 - - [06/Mar/2022:17:10:17 +0000] "GET /wp-login.php HTTP/1.1" 404 153 "-" "Mozilla/5.0 (X11; Ubuntu; Linux x86_64; rv:62.0) Gecko/20100101 Firefox/62.0"
203.190.112.195 - - [06/Mar/2022:17:11:12 +0000] "GET / HTTP/1.1" 200 79642 "-" "Mozilla/5.0 (Windows NT 10.0; WOW64) AppleWebKit/537.36 (KHTML, like Gecko) Chrome/52.0.2743.116 Safari/537.36"
194.163.153.165 - - [06/Mar/2022:17:12:27 +0000] "GET / HTTP/1.1" 200 80443 "-" "Mozilla/5.0 (X11; Ubuntu; Linux x86_64; rv:76.0) Gecko/20100101 Firefox/76.0"
194.163.153.165 - - [06/Mar/2022:17:33:17 +0000] "GET / HTTP/1.1" 200 80443 "-" "Mozilla/5.0 (X11; Ubuntu; Linux x86_64; rv:76.0) Gecko/20100101 Firefox/76.0"
194.163.153.165 - - [06/Mar/2022:17:40:14 +0000] "GET / HTTP/1.1" 200 80443 "-" "Mozilla/5.0 (X11; Ubuntu; Linux x86_64; rv:76.0) Gecko/20100101 Firefox/76.0"
165.22.123.163 - - [06/Mar/2022:17:49:47 +0000] "GET / HTTP/1.0" 200 78888 "-" "-"
85.249.168.227 - - [06/Mar/2022:17:59:31 +0000] "GET / HTTP/1.1" 500 570899 "-" "Mozilla/5.0 (X11; Linux x86_64) AppleWebKit/537.36 (KHTML, like Gecko) Chrome/98.0.4758.80 Safari/537.36"
91.238.156.38 - - [06/Mar/2022:17:59:31 +0000] "GET / HTTP/1.1" 500 571051 "https://www.google.com/" "Mozilla/5.0 (Windows NT 10.0; Win64; x64) AppleWebKit/537.36 (KHTML, like Gecko) Chrome/97.0.4692.99 Safari/537.36"
149.154.161.14 - - [06/Mar/2022:17:59:40 +0000] "GET / HTTP/1.1" 500 570827 "-" "TelegramBot (like TwitterBot)"
85.249.168.227 - - [06/Mar/2022:18:04:01 +0000] "GET / HTTP/1.1" 500 570959 "-" "Mozilla/5.0 (X11; Linux x86_64) AppleWebKit/537.36 (KHTML, like Gecko) Chrome/98.0.4758.80 Safari/537.36"
85.249.168.227 - - [06/Mar/2022:18:04:50 +0000] "GET / HTTP/1.1" 500 570959 "-" "Mozilla/5.0 (X11; Linux x86_64) AppleWebKit/537.36 (KHTML, like Gecko) Chrome/98.0.4758.80 Safari/537.36"
194.163.153.165 - - [06/Mar/2022:18:06:36 +0000] "GET / HTTP/1.1" 500 109368 "-" "Mozilla/5.0 (X11; Ubuntu; Linux x86_64; rv:76.0) Gecko/20100101 Firefox/76.0"
194.163.153.165 - - [06/Mar/2022:18:13:30 +0000] "GET / HTTP/1.1" 500 109368 "-" "Mozilla/5.0 (X11; Ubuntu; Linux x86_64; rv:76.0) Gecko/20100101 Firefox/76.0"
192.169.144.63 - - [06/Mar/2022:18:27:50 +0000] "GET /wp-login.php HTTP/1.1" 404 153 "-" "Mozilla/5.0 (X11; Ubuntu; Linux x86_64; rv:62.0) Gecko/20100101 Firefox/62.0"
194.163.153.165 - - [06/Mar/2022:18:33:11 +0000] "GET / HTTP/1.1" 500 109368 "-" "Mozilla/5.0 (X11; Ubuntu; Linux x86_64; rv:76.0) Gecko/20100101 Firefox/76.0"
85.249.168.227 - - [06/Mar/2022:18:38:49 +0000] "GET / HTTP/1.1" 500 671035 "-" "Mozilla/5.0 (X11; Linux x86_64) AppleWebKit/537.36 (KHTML, like Gecko) Chrome/98.0.4758.80 Safari/537.36"
85.249.168.227 - - [06/Mar/2022:18:41:09 +0000] "GET / HTTP/1.1" 500 570959 "-" "Mozilla/5.0 (X11; Linux x86_64) AppleWebKit/537.36 (KHTML, like Gecko) Chrome/98.0.4758.80 Safari/537.36"
194.163.153.165 - - [06/Mar/2022:18:46:47 +0000] "GET / HTTP/1.1" 500 109368 "-" "Mozilla/5.0 (X11; Ubuntu; Linux x86_64; rv:76.0) Gecko/20100101 Firefox/76.0"
194.163.153.165 - - [06/Mar/2022:18:55:23 +0000] "GET / HTTP/1.1" 500 109368 "-" "Mozilla/5.0 (X11; Ubuntu; Linux x86_64; rv:76.0) Gecko/20100101 Firefox/76.0"
194.163.153.165 - - [06/Mar/2022:18:56:37 +0000] "GET / HTTP/1.1" 500 109368 "-" "Mozilla/5.0 (X11; Ubuntu; Linux x86_64; rv:76.0) Gecko/20100101 Firefox/76.0"
194.163.153.165 - - [06/Mar/2022:19:19:09 +0000] "GET / HTTP/1.1" 500 109368 "-" "Mozilla/5.0 (X11; Ubuntu; Linux x86_64; rv:76.0) Gecko/20100101 Firefox/76.0"
194.163.153.165 - - [06/Mar/2022:19:21:53 +0000] "GET / HTTP/1.1" 500 109368 "-" "Mozilla/5.0 (X11; Ubuntu; Linux x86_64; rv:76.0) Gecko/20100101 Firefox/76.0"
194.163.153.165 - - [06/Mar/2022:19:50:43 +0000] "GET / HTTP/1.1" 500 109368 "-" "Mozilla/5.0 (X11; Ubuntu; Linux x86_64; rv:76.0) Gecko/20100101 Firefox/76.0"
194.163.153.165 - - [06/Mar/2022:19:57:05 +0000] "GET / HTTP/1.1" 500 109368 "-" "Mozilla/5.0 (X11; Ubuntu; Linux x86_64; rv:76.0) Gecko/20100101 Firefox/76.0"
194.163.153.165 - - [06/Mar/2022:20:02:26 +0000] "GET / HTTP/1.1" 500 109368 "-" "Mozilla/5.0 (X11; Ubuntu; Linux x86_64; rv:76.0) Gecko/20100101 Firefox/76.0"
23.95.100.141 - - [06/Mar/2022:20:09:14 +0000] "HEAD / HTTP/1.0" 500 0 "-" "-"
194.163.153.165 - - [06/Mar/2022:20:12:27 +0000] "GET / HTTP/1.1" 500 109368 "-" "Mozilla/5.0 (X11; Ubuntu; Linux x86_64; rv:76.0) Gecko/20100101 Firefox/76.0"
52.43.157.248 - - [06/Mar/2022:20:14:25 +0000] "GET / HTTP/1.1" 500 570335 "-" "Mozilla/5.0 (X11; Linux x86_64) AppleWebKit/537.36 (KHTML, like Gecko) Chrome/83.0.4103.97 Safari/537.36"
194.163.153.165 - - [06/Mar/2022:20:18:37 +0000] "GET / HTTP/1.1" 500 96772 "-" "Mozilla/5.0 (X11; Ubuntu; Linux x86_64; rv:76.0) Gecko/20100101 Firefox/76.0"
106.75.79.172 - - [06/Mar/2022:20:20:27 +0000] "GET / HTTP/1.0" 500 569745 "-" "-"
194.163.153.165 - - [06/Mar/2022:20:25:16 +0000] "GET / HTTP/1.1" 500 109368 "-" "Mozilla/5.0 (X11; Ubuntu; Linux x86_64; rv:76.0) Gecko/20100101 Firefox/76.0"
193.118.53.194 - - [06/Mar/2022:20:35:24 +0000] "GET / HTTP/1.1" 500 570419 "-" "Mozilla/5.0 (Windows NT 10.0; Win64; x64) AppleWebKit/537.36 (KHTML, like Gecko) Chrome/60.0.3112.113 Safari/537.36"
194.163.153.165 - - [06/Mar/2022:20:38:46 +0000] "GET / HTTP/1.1" 500 109368 "-" "Mozilla/5.0 (X11; Ubuntu; Linux x86_64; rv:76.0) Gecko/20100101 Firefox/76.0"
192.241.220.232 - - [06/Mar/2022:20:39:14 +0000] "MGLNDD_5.187.2.185" 400 157 "-" "-"
194.163.153.165 - - [06/Mar/2022:20:52:59 +0000] "GET / HTTP/1.1" 500 96772 "-" "Mozilla/5.0 (X11; Ubuntu; Linux x86_64; rv:76.0) Gecko/20100101 Firefox/76.0"
20.196.212.203 - - [06/Mar/2022:21:03:40 +0000] "GET / HTTP/1.1" 500 156520 "-" "-"
44.203.79.223 - - [06/Mar/2022:21:10:36 +0000] "GET /_profiler/phpinfo HTTP/1.1" 500 570857 "-" "Mozlila/5.0 (Linux; Android 7.0; SM-G892A Bulid/NRD90M; wv) AppleWebKit/537.36 (KHTML, like Gecko) Version/4.0 Chrome/60.0.3112.107 Moblie Safari/537.36"
44.203.79.223 - - [06/Mar/2022:21:10:36 +0000] "GET /phpinfo.php HTTP/1.1" 404 555 "-" "Mozlila/5.0 (Linux; Android 7.0; SM-G892A Bulid/NRD90M; wv) AppleWebKit/537.36 (KHTML, like Gecko) Version/4.0 Chrome/60.0.3112.107 Moblie Safari/537.36"
44.203.79.223 - - [06/Mar/2022:21:11:15 +0000] "GET /phpinfo HTTP/1.1" 500 570835 "-" "Mozlila/5.0 (Linux; Android 7.0; SM-G892A Bulid/NRD90M; wv) AppleWebKit/537.36 (KHTML, like Gecko) Version/4.0 Chrome/60.0.3112.107 Moblie Safari/537.36"
44.203.79.223 - - [06/Mar/2022:21:12:55 +0000] "GET /aws.yml HTTP/1.1" 500 570835 "-" "Mozlila/5.0 (Linux; Android 7.0; SM-G892A Bulid/NRD90M; wv) AppleWebKit/537.36 (KHTML, like Gecko) Version/4.0 Chrome/60.0.3112.107 Moblie Safari/537.36"
44.203.79.223 - - [06/Mar/2022:21:13:19 +0000] "GET /.env HTTP/1.1" 500 570829 "-" "Mozlila/5.0 (Linux; Android 7.0; SM-G892A Bulid/NRD90M; wv) AppleWebKit/537.36 (KHTML, like Gecko) Version/4.0 Chrome/60.0.3112.107 Moblie Safari/537.36"
44.203.79.223 - - [06/Mar/2022:21:15:09 +0000] "GET /.env.bak HTTP/1.1" 500 570837 "-" "Mozlila/5.0 (Linux; Android 7.0; SM-G892A Bulid/NRD90M; wv) AppleWebKit/537.36 (KHTML, like Gecko) Version/4.0 Chrome/60.0.3112.107 Moblie Safari/537.36"
44.203.79.223 - - [06/Mar/2022:21:15:13 +0000] "GET /info.php HTTP/1.1" 404 555 "-" "Mozlila/5.0 (Linux; Android 7.0; SM-G892A Bulid/NRD90M; wv) AppleWebKit/537.36 (KHTML, like Gecko) Version/4.0 Chrome/60.0.3112.107 Moblie Safari/537.36"
44.203.79.223 - - [06/Mar/2022:21:15:14 +0000] "GET /laravel/.env HTTP/1.1" 500 570847 "-" "Mozlila/5.0 (Linux; Android 7.0; SM-G892A Bulid/NRD90M; wv) AppleWebKit/537.36 (KHTML, like Gecko) Version/4.0 Chrome/60.0.3112.107 Moblie Safari/537.36"
44.203.79.223 - - [06/Mar/2022:21:15:15 +0000] "GET /local/.env HTTP/1.1" 500 570843 "-" "Mozlila/5.0 (Linux; Android 7.0; SM-G892A Bulid/NRD90M; wv) AppleWebKit/537.36 (KHTML, like Gecko) Version/4.0 Chrome/60.0.3112.107 Moblie Safari/537.36"
44.203.79.223 - - [06/Mar/2022:21:15:16 +0000] "GET /cgi-bin/.env HTTP/1.1" 500 570847 "-" "Mozlila/5.0 (Linux; Android 7.0; SM-G892A Bulid/NRD90M; wv) AppleWebKit/537.36 (KHTML, like Gecko) Version/4.0 Chrome/60.0.3112.107 Moblie Safari/537.36"
44.203.79.223 - - [06/Mar/2022:21:15:17 +0000] "GET /backend/.env HTTP/1.1" 500 570847 "-" "Mozlila/5.0 (Linux; Android 7.0; SM-G892A Bulid/NRD90M; wv) AppleWebKit/537.36 (KHTML, like Gecko) Version/4.0 Chrome/60.0.3112.107 Moblie Safari/537.36"
44.203.79.223 - - [06/Mar/2022:21:15:17 +0000] "GET /application/config/sms_settings.php HTTP/1.1" 404 555 "-" "Mozlila/5.0 (Linux; Android 7.0; SM-G892A Bulid/NRD90M; wv) AppleWebKit/537.36 (KHTML, like Gecko) Version/4.0 Chrome/60.0.3112.107 Moblie Safari/537.36"
44.203.79.223 - - [06/Mar/2022:21:15:17 +0000] "GET /application/config/s3.php HTTP/1.1" 404 555 "-" "Mozlila/5.0 (Linux; Android 7.0; SM-G892A Bulid/NRD90M; wv) AppleWebKit/537.36 (KHTML, like Gecko) Version/4.0 Chrome/60.0.3112.107 Moblie Safari/537.36"
44.203.79.223 - - [06/Mar/2022:21:15:18 +0000] "GET /protected/.env HTTP/1.1" 500 570851 "-" "Mozlila/5.0 (Linux; Android 7.0; SM-G892A Bulid/NRD90M; wv) AppleWebKit/537.36 (KHTML, like Gecko) Version/4.0 Chrome/60.0.3112.107 Moblie Safari/537.36"
44.203.79.223 - - [06/Mar/2022:21:15:19 +0000] "GET /database/.env HTTP/1.1" 500 570849 "-" "Mozlila/5.0 (Linux; Android 7.0; SM-G892A Bulid/NRD90M; wv) AppleWebKit/537.36 (KHTML, like Gecko) Version/4.0 Chrome/60.0.3112.107 Moblie Safari/537.36"
44.203.79.223 - - [06/Mar/2022:21:15:20 +0000] "GET /public/.env HTTP/1.1" 500 570845 "-" "Mozlila/5.0 (Linux; Android 7.0; SM-G892A Bulid/NRD90M; wv) AppleWebKit/537.36 (KHTML, like Gecko) Version/4.0 Chrome/60.0.3112.107 Moblie Safari/537.36"
44.203.79.223 - - [06/Mar/2022:21:15:21 +0000] "GET /app/config/.env HTTP/1.1" 500 570855 "-" "Mozlila/5.0 (Linux; Android 7.0; SM-G892A Bulid/NRD90M; wv) AppleWebKit/537.36 (KHTML, like Gecko) Version/4.0 Chrome/60.0.3112.107 Moblie Safari/537.36"
44.203.79.223 - - [06/Mar/2022:21:15:22 +0000] "GET /.aws/credentials HTTP/1.1" 500 570855 "-" "Mozlila/5.0 (Linux; Android 7.0; SM-G892A Bulid/NRD90M; wv) AppleWebKit/537.36 (KHTML, like Gecko) Version/4.0 Chrome/60.0.3112.107 Moblie Safari/537.36"
44.203.79.223 - - [06/Mar/2022:21:15:22 +0000] "GET / HTTP/1.1" 500 571111 "-" "Mozlila/5.0 (Linux; Android 7.0; SM-G892A Bulid/NRD90M; wv) AppleWebKit/537.36 (KHTML, like Gecko) Version/4.0 Chrome/60.0.3112.107 Moblie Safari/537.36"
44.203.79.223 - - [06/Mar/2022:21:15:23 +0000] "GET /config/aws.yml HTTP/1.1" 500 570851 "-" "Mozlila/5.0 (Linux; Android 7.0; SM-G892A Bulid/NRD90M; wv) AppleWebKit/537.36 (KHTML, like Gecko) Version/4.0 Chrome/60.0.3112.107 Moblie Safari/537.36"
44.203.79.223 - - [06/Mar/2022:21:15:25 +0000] "GET / HTTP/1.1" 500 571183 "-" "Mozlila/5.0 (Linux; Android 7.0; SM-G892A Bulid/NRD90M; wv) AppleWebKit/537.36 (KHTML, like Gecko) Version/4.0 Chrome/60.0.3112.107 Moblie Safari/537.36"
194.163.153.165 - - [06/Mar/2022:21:15:51 +0000] "GET / HTTP/1.1" 500 109368 "-" "Mozilla/5.0 (X11; Ubuntu; Linux x86_64; rv:76.0) Gecko/20100101 Firefox/76.0"
194.163.153.165 - - [06/Mar/2022:21:23:39 +0000] "GET / HTTP/1.1" 500 109368 "-" "Mozilla/5.0 (X11; Ubuntu; Linux x86_64; rv:76.0) Gecko/20100101 Firefox/76.0"
194.163.153.165 - - [06/Mar/2022:21:52:13 +0000] "GET / HTTP/1.1" 500 109368 "-" "Mozilla/5.0 (X11; Ubuntu; Linux x86_64; rv:76.0) Gecko/20100101 Firefox/76.0"
45.137.21.141 - - [06/Mar/2022:21:53:19 +0000] "GET /login.asp HTTP/1.1" 400 157 "-" "curl/7.68.0"
192.241.220.30 - - [06/Mar/2022:21:55:43 +0000] "GET /manager/text/list HTTP/1.1" 500 569783 "-" "Mozilla/5.0 zgrab/0.x"
194.163.153.165 - - [06/Mar/2022:22:03:10 +0000] "GET / HTTP/1.1" 500 109368 "-" "Mozilla/5.0 (X11; Ubuntu; Linux x86_64; rv:76.0) Gecko/20100101 Firefox/76.0"
194.163.153.165 - - [06/Mar/2022:22:11:56 +0000] "GET / HTTP/1.1" 500 109368 "-" "Mozilla/5.0 (X11; Ubuntu; Linux x86_64; rv:76.0) Gecko/20100101 Firefox/76.0"
194.163.153.165 - - [06/Mar/2022:22:32:22 +0000] "GET / HTTP/1.1" 500 109368 "-" "Mozilla/5.0 (X11; Ubuntu; Linux x86_64; rv:76.0) Gecko/20100101 Firefox/76.0"
194.163.153.165 - - [06/Mar/2022:22:34:08 +0000] "GET / HTTP/1.1" 500 109368 "-" "Mozilla/5.0 (X11; Ubuntu; Linux x86_64; rv:76.0) Gecko/20100101 Firefox/76.0"
45.137.21.141 - - [06/Mar/2022:22:41:53 +0000] "GET /login.asp HTTP/1.1" 400 157 "-" "curl/7.68.0"
194.163.153.165 - - [06/Mar/2022:22:43:01 +0000] "GET / HTTP/1.1" 500 109368 "-" "Mozilla/5.0 (X11; Ubuntu; Linux x86_64; rv:76.0) Gecko/20100101 Firefox/76.0"
194.163.153.165 - - [06/Mar/2022:22:49:23 +0000] "GET / HTTP/1.1" 500 109368 "-" "Mozilla/5.0 (X11; Ubuntu; Linux x86_64; rv:76.0) Gecko/20100101 Firefox/76.0"
194.163.153.165 - - [06/Mar/2022:22:58:07 +0000] "GET / HTTP/1.1" 500 109368 "-" "Mozilla/5.0 (X11; Ubuntu; Linux x86_64; rv:76.0) Gecko/20100101 Firefox/76.0"
45.137.21.141 - - [06/Mar/2022:23:05:38 +0000] "GET /login.asp HTTP/1.1" 400 157 "-" "curl/7.68.0"
194.163.153.165 - - [06/Mar/2022:23:24:57 +0000] "GET / HTTP/1.1" 500 109368 "-" "Mozilla/5.0 (X11; Ubuntu; Linux x86_64; rv:76.0) Gecko/20100101 Firefox/76.0"
194.163.153.165 - - [06/Mar/2022:23:33:05 +0000] "GET / HTTP/1.1" 500 109368 "-" "Mozilla/5.0 (X11; Ubuntu; Linux x86_64; rv:76.0) Gecko/20100101 Firefox/76.0"
61.216.108.168 - - [06/Mar/2022:23:46:56 +0000] "GET / HTTP/1.1" 500 71720 "-" "Mozilla/5.0 (Windows NT 10.0; WOW64) AppleWebKit/537.36 (KHTML, like Gecko) Chrome/51.0.2704.103 Safari/537.36"
194.163.153.165 - - [06/Mar/2022:23:57:48 +0000] "GET / HTTP/1.1" 500 109368 "-" "Mozilla/5.0 (X11; Ubuntu; Linux x86_64; rv:76.0) Gecko/20100101 Firefox/76.0"
194.163.153.165 - - [07/Mar/2022:00:08:33 +0000] "GET / HTTP/1.1" 500 109368 "-" "Mozilla/5.0 (X11; Ubuntu; Linux x86_64; rv:76.0) Gecko/20100101 Firefox/76.0"
194.163.153.165 - - [07/Mar/2022:00:18:21 +0000] "GET / HTTP/1.1" 500 109368 "-" "Mozilla/5.0 (X11; Ubuntu; Linux x86_64; rv:76.0) Gecko/20100101 Firefox/76.0"
194.163.153.165 - - [07/Mar/2022:00:29:28 +0000] "GET / HTTP/1.1" 500 204936 "-" "Mozilla/5.0 (X11; Ubuntu; Linux x86_64; rv:76.0) Gecko/20100101 Firefox/76.0"
194.163.153.165 - - [07/Mar/2022:00:47:57 +0000] "GET / HTTP/1.1" 500 109368 "-" "Mozilla/5.0 (X11; Ubuntu; Linux x86_64; rv:76.0) Gecko/20100101 Firefox/76.0"
66.240.205.34 - - [07/Mar/2022:00:51:54 +0000] "145.ll|'|'|SGFjS2VkX0Q0OTkwNjI3|'|'|WIN-JNAPIER0859|'|'|JNapier|'|'|19-02-01|'|'||'|'|Win 7 Professional SP1 x64|'|'|No|'|'|0.7d|'|'|..|'|'|AA==|'|'|112.inf|'|'|SGFjS2VkDQoxOTIuMTY4LjkyLjIyMjo1NTUyDQpEZXNrdG9wDQpjbGllbnRhLmV4ZQ0KRmFsc2UNCkZhbHNlDQpUcnVlDQpGYWxzZQ==12.act|'|'|AA==" 400 157 "-" "-"
194.163.153.165 - - [07/Mar/2022:00:52:47 +0000] "GET / HTTP/1.1" 500 109368 "-" "Mozilla/5.0 (X11; Ubuntu; Linux x86_64; rv:76.0) Gecko/20100101 Firefox/76.0"
194.163.153.165 - - [07/Mar/2022:00:58:08 +0000] "GET / HTTP/1.1" 500 204936 "-" "Mozilla/5.0 (X11; Ubuntu; Linux x86_64; rv:76.0) Gecko/20100101 Firefox/76.0"
194.163.153.165 - - [07/Mar/2022:01:17:19 +0000] "GET / HTTP/1.1" 500 109368 "-" "Mozilla/5.0 (X11; Ubuntu; Linux x86_64; rv:76.0) Gecko/20100101 Firefox/76.0"
45.146.165.37 - - [07/Mar/2022:01:29:21 +0000] "POST /vendor/phpunit/phpunit/src/Util/PHP/eval-stdin.php HTTP/1.1" 404 555 "-" "Mozilla/5.0 (Windows NT 10.0; Win64; x64) AppleWebKit/537.36 (KHTML, like Gecko) Chrome/78.0.3904.108 Safari/537.36"
194.163.153.165 - - [07/Mar/2022:01:33:36 +0000] "GET / HTTP/1.1" 500 109368 "-" "Mozilla/5.0 (X11; Ubuntu; Linux x86_64; rv:76.0) Gecko/20100101 Firefox/76.0"
77.121.92.243 - admin [07/Mar/2022:01:50:02 +0000] "GET / HTTP/1.1" 500 571285 "-" "Mozilla/5.0 (Windows NT 10.0; Win64; x64) AppleWebKit/537.36 (KHTML, like Gecko) Chrome/91.0.4472.77 Safari/537.36"
193.118.53.210 - - [07/Mar/2022:02:00:34 +0000] "GET / HTTP/1.1" 500 570419 "-" "Mozilla/5.0 (Windows NT 10.0; Win64; x64) AppleWebKit/537.36 (KHTML, like Gecko) Chrome/60.0.3112.113 Safari/537.36"
194.163.153.165 - - [07/Mar/2022:02:04:27 +0000] "GET / HTTP/1.1" 500 109368 "-" "Mozilla/5.0 (X11; Ubuntu; Linux x86_64; rv:76.0) Gecko/20100101 Firefox/76.0"
45.146.165.37 - - [07/Mar/2022:02:19:00 +0000] "GET /solr/admin/info/system?wt=json HTTP/1.1" 500 570257 "-" "Mozilla/5.0 (Windows NT 10.0; Win64; x64) AppleWebKit/537.36 (KHTML, like Gecko) Chrome/78.0.3904.108 Safari/537.36"
194.163.153.165 - - [07/Mar/2022:02:21:23 +0000] "GET / HTTP/1.1" 500 109368 "-" "Mozilla/5.0 (X11; Ubuntu; Linux x86_64; rv:76.0) Gecko/20100101 Firefox/76.0"
165.22.56.104 - - [07/Mar/2022:02:23:57 +0000] "GET / HTTP/1.1" 500 570731 "-" "Mozilla/5.0 (Windows NT 10.0; Win64; x64) AppleWebKit/537.36 (KHTML, like Gecko) Chrome/78.0.3904.108 Safari/537.36"
165.22.56.104 - - [07/Mar/2022:02:23:58 +0000] "GET / HTTP/1.1" 500 571185 "-" "Mozilla/5.0 (Windows NT 10.0; Win64; x64) AppleWebKit/537.36 (KHTML, like Gecko) Chrome/78.0.3904.108 Safari/537.36"
165.22.56.104 - - [07/Mar/2022:02:23:58 +0000] "GET /xmlrpc.php?rsd HTTP/1.1" 404 555 "-" "Mozilla/5.0 (Windows NT 10.0; Win64; x64) AppleWebKit/537.36 (KHTML, like Gecko) Chrome/78.0.3904.108 Safari/537.36"
165.22.56.104 - - [07/Mar/2022:02:23:58 +0000] "GET / HTTP/1.1" 500 571185 "-" "Mozilla/5.0 (Windows NT 10.0; Win64; x64) AppleWebKit/537.36 (KHTML, like Gecko) Chrome/78.0.3904.108 Safari/537.36"
165.22.56.104 - - [07/Mar/2022:02:24:01 +0000] "" 400 0 "-" "-"
200.69.79.170 - - [07/Mar/2022:02:28:33 +0000] "GET / HTTP/1.1" 500 570325 "-" "Mozilla/5.0 (Macintosh; Intel Mac OS X 10_11_6) AppleWebKit/601.7.7 (KHTML, like Gecko) Version/9.1.2 Safari/601.7.7"
103.77.232.78 - - [07/Mar/2022:02:35:14 +0000] "GET / HTTP/1.1" 500 570591 "-" "Mozilla/5.0 (Windows NT 10.0; Win64; x64) AppleWebKit/537.36 (KHTML, like Gecko) Chrome/79.0 Safari/537.36"
103.77.232.78 - - [07/Mar/2022:02:35:16 +0000] "" 400 0 "-" "-"
194.163.153.165 - - [07/Mar/2022:02:49:50 +0000] "GET / HTTP/1.1" 500 109368 "-" "Mozilla/5.0 (X11; Ubuntu; Linux x86_64; rv:76.0) Gecko/20100101 Firefox/76.0"
54.183.201.114 - - [07/Mar/2022:02:54:12 +0000] "GET / HTTP/1.1" 500 570477 "-" "Mozilla/5.0 (Macintosh; Intel Mac OS X 10_11_5) AppleWebKit/537.36 (KHTML, like Gecko) Chrome/50.0.2661.102 Safari/537.36"
64.62.197.2 - - [07/Mar/2022:02:55:54 +0000] "GET / HTTP/1.1" 500 95608 "-" "-"
194.163.153.165 - - [07/Mar/2022:02:56:52 +0000] "GET / HTTP/1.1" 500 109368 "-" "Mozilla/5.0 (X11; Ubuntu; Linux x86_64; rv:76.0) Gecko/20100101 Firefox/76.0"
45.146.165.37 - - [07/Mar/2022:02:57:03 +0000] "GET /index.php?s=/Index/\x5Cthink\x5Capp/invokefunction&function=call_user_func_array&vars[0]=md5&vars[1][]=HelloThinkPHP21 HTTP/1.1" 500 570987 "-" "Mozilla/5.0 (Windows NT 10.0; Win64; x64) AppleWebKit/537.36 (KHTML, like Gecko) Chrome/78.0.3904.108 Safari/537.36"
192.241.218.14 - - [07/Mar/2022:03:13:00 +0000] "GET /manager/html HTTP/1.1" 500 569771 "-" "Mozilla/5.0 zgrab/0.x"
167.94.138.63 - - [07/Mar/2022:03:22:47 +0000] "GET / HTTP/1.1" 500 94888 "-" "-"
167.94.138.63 - - [07/Mar/2022:03:22:48 +0000] "GET / HTTP/1.1" 500 570251 "-" "Mozilla/5.0 (compatible; CensysInspect/1.1; +https://about.censys.io/)"
167.94.138.63 - - [07/Mar/2022:03:22:48 +0000] "PRI * HTTP/2.0" 400 157 "-" "-"
194.163.153.165 - - [07/Mar/2022:03:31:14 +0000] "GET / HTTP/1.1" 500 109368 "-" "Mozilla/5.0 (X11; Ubuntu; Linux x86_64; rv:76.0) Gecko/20100101 Firefox/76.0"
45.137.21.141 - - [07/Mar/2022:03:31:39 +0000] "GET /dispatch.asp HTTP/1.1" 404 7004 "-" "Mozilla/5.0 (iPad; CPU OS 7_1_2 like Mac OS X; en-US) AppleWebKit/531.5.2 (KHTML, like Gecko) Version/4.0.5 Mobile/8B116 Safari/6531.5.2"
23.95.100.141 - - [07/Mar/2022:03:33:38 +0000] "HEAD / HTTP/1.0" 500 0 "-" "-"
194.163.153.165 - - [07/Mar/2022:03:37:11 +0000] "GET / HTTP/1.1" 500 109368 "-" "Mozilla/5.0 (X11; Ubuntu; Linux x86_64; rv:76.0) Gecko/20100101 Firefox/76.0"
45.146.165.37 - - [07/Mar/2022:03:38:22 +0000] "GET /?a=fetch&content=<php>die(@md5(HelloThinkCMF))</php> HTTP/1.1" 500 570807 "-" "Mozilla/5.0 (Windows NT 10.0; Win64; x64) AppleWebKit/537.36 (KHTML, like Gecko) Chrome/78.0.3904.108 Safari/537.36"
45.190.158.224 - - [07/Mar/2022:03:43:25 +0000] "GET / HTTP/1.1" 400 157 "-" "-"
194.163.153.165 - - [07/Mar/2022:03:46:17 +0000] "GET / HTTP/1.1" 500 109368 "-" "Mozilla/5.0 (X11; Ubuntu; Linux x86_64; rv:76.0) Gecko/20100101 Firefox/76.0"
194.163.153.165 - - [07/Mar/2022:03:58:44 +0000] "GET / HTTP/1.1" 500 109368 "-" "Mozilla/5.0 (X11; Ubuntu; Linux x86_64; rv:76.0) Gecko/20100101 Firefox/76.0"
194.163.153.165 - - [07/Mar/2022:04:06:34 +0000] "GET / HTTP/1.1" 500 109368 "-" "Mozilla/5.0 (X11; Ubuntu; Linux x86_64; rv:76.0) Gecko/20100101 Firefox/76.0"
2.56.59.20 - - [07/Mar/2022:04:12:40 +0000] "POST /HNAP1/ HTTP/1.1" 500 109368 "-" "Mozila/5.0"
2.56.59.20 - - [07/Mar/2022:04:12:40 +0000] "GET / HTTP/1.1" 500 569851 "-" "-"
45.146.165.37 - - [07/Mar/2022:04:19:08 +0000] "GET /?XDEBUG_SESSION_START=phpstorm HTTP/1.1" 500 570585 "-" "Mozilla/5.0 (Windows NT 10.0; Win64; x64) AppleWebKit/537.36 (KHTML, like Gecko) Chrome/78.0.3904.108 Safari/537.36"
45.146.165.37 - - [07/Mar/2022:04:25:49 +0000] "GET /console/ HTTP/1.1" 500 570187 "-" "Mozilla/5.0 (Windows NT 10.0; Win64; x64) AppleWebKit/537.36 (KHTML, like Gecko) Chrome/78.0.3904.108 Safari/537.36"
194.163.153.165 - - [07/Mar/2022:04:34:19 +0000] "GET / HTTP/1.1" 500 109368 "-" "Mozilla/5.0 (X11; Ubuntu; Linux x86_64; rv:76.0) Gecko/20100101 Firefox/76.0"
194.163.153.165 - - [07/Mar/2022:04:42:20 +0000] "GET / HTTP/1.1" 500 109368 "-" "Mozilla/5.0 (X11; Ubuntu; Linux x86_64; rv:76.0) Gecko/20100101 Firefox/76.0"
194.163.153.165 - - [07/Mar/2022:04:53:58 +0000] "GET / HTTP/1.1" 500 173080 "-" "Mozilla/5.0 (X11; Ubuntu; Linux x86_64; rv:76.0) Gecko/20100101 Firefox/76.0"
194.163.153.165 - - [07/Mar/2022:04:59:57 +0000] "GET / HTTP/1.1" 500 109368 "-" "Mozilla/5.0 (X11; Ubuntu; Linux x86_64; rv:76.0) Gecko/20100101 Firefox/76.0"
194.163.153.165 - - [07/Mar/2022:05:13:37 +0000] "GET / HTTP/1.1" 500 109368 "-" "Mozilla/5.0 (X11; Ubuntu; Linux x86_64; rv:76.0) Gecko/20100101 Firefox/76.0"
194.163.153.165 - - [07/Mar/2022:05:22:25 +0000] "GET / HTTP/1.1" 500 109368 "-" "Mozilla/5.0 (X11; Ubuntu; Linux x86_64; rv:76.0) Gecko/20100101 Firefox/76.0"
185.64.210.198 - - [07/Mar/2022:05:31:18 +0000] "GET / HTTP/1.1" 500 570309 "-" "Mozilla/5.0 (Windows NT 10.0; WOW64) AppleWebKit/537.36 (KHTML, like Gecko) Chrome/51.0.2704.103 Safari/537.36"
185.64.210.198 - - [07/Mar/2022:05:31:18 +0000] "GET / HTTP/1.1" 500 570301 "-" "Mozilla/5.0 (Windows NT 10.0; WOW64) AppleWebKit/537.36 (KHTML, like Gecko) Chrome/52.0.2743.116 Safari/537.36"
194.163.153.165 - - [07/Mar/2022:05:31:35 +0000] "GET / HTTP/1.1" 500 109368 "-" "Mozilla/5.0 (X11; Ubuntu; Linux x86_64; rv:76.0) Gecko/20100101 Firefox/76.0"
194.163.153.165 - - [07/Mar/2022:05:44:09 +0000] "GET / HTTP/1.1" 500 109368 "-" "Mozilla/5.0 (X11; Ubuntu; Linux x86_64; rv:76.0) Gecko/20100101 Firefox/76.0"
13.57.182.53 - - [07/Mar/2022:06:01:23 +0000] "GET /.git/config HTTP/1.1" 500 569871 "-" "python-requests/2.18.4"
13.57.182.53 - - [07/Mar/2022:06:01:25 +0000] "GET /.git/config HTTP/1.1" 500 569871 "-" "python-requests/2.18.4"
13.57.182.53 - - [07/Mar/2022:06:01:27 +0000] "GET /.git/config HTTP/1.1" 500 569871 "-" "python-requests/2.18.4"
13.57.182.53 - - [07/Mar/2022:06:01:29 +0000] "GET /.git/config HTTP/1.1" 500 569871 "-" "python-requests/2.18.4"
194.163.153.165 - - [07/Mar/2022:06:03:21 +0000] "GET / HTTP/1.1" 500 109368 "-" "Mozilla/5.0 (X11; Ubuntu; Linux x86_64; rv:76.0) Gecko/20100101 Firefox/76.0"
194.163.153.165 - - [07/Mar/2022:06:16:07 +0000] "GET / HTTP/1.1" 500 109368 "-" "Mozilla/5.0 (X11; Ubuntu; Linux x86_64; rv:76.0) Gecko/20100101 Firefox/76.0"
45.146.165.37 - - [07/Mar/2022:06:18:12 +0000] "GET / HTTP/1.1" 500 570493 "-" "Mozilla/5.0 (Windows NT 10.0; Win64; x64) AppleWebKit/537.36 (KHTML, like Gecko) Chrome/78.0.3904.108 Safari/537.36"
82.223.65.193 - - [07/Mar/2022:06:19:13 +0000] "HEAD / HTTP/1.1" 500 0 "-" "Mozilla/5.0 (Windows NT 10.0; Win64; x64) AppleWebKit/537.36 (KHTML, like Gecko) Chrome/74.0.3729.169 Safari/537.36"
82.223.65.193 - - [07/Mar/2022:06:19:14 +0000] "HEAD /wordpress HTTP/1.1" 500 0 "-" "Mozilla/5.0 (Windows NT 10.0; Win64; x64) AppleWebKit/537.36 (KHTML, like Gecko) Chrome/74.0.3729.169 Safari/537.36"
82.223.65.193 - - [07/Mar/2022:06:19:14 +0000] "HEAD /Wordpress HTTP/1.1" 500 0 "-" "Mozilla/5.0 (Windows NT 10.0; Win64; x64) AppleWebKit/537.36 (KHTML, like Gecko) Chrome/74.0.3729.169 Safari/537.36"
82.223.65.193 - - [07/Mar/2022:06:19:14 +0000] "HEAD /WORDPRESS HTTP/1.1" 500 0 "-" "Mozilla/5.0 (Windows NT 10.0; Win64; x64) AppleWebKit/537.36 (KHTML, like Gecko) Chrome/74.0.3729.169 Safari/537.36"
82.223.65.193 - - [07/Mar/2022:06:19:14 +0000] "HEAD /WordPress HTTP/1.1" 500 0 "-" "Mozilla/5.0 (Windows NT 10.0; Win64; x64) AppleWebKit/537.36 (KHTML, like Gecko) Chrome/74.0.3729.169 Safari/537.36"
82.223.65.193 - - [07/Mar/2022:06:19:14 +0000] "HEAD /wp HTTP/1.1" 500 0 "-" "Mozilla/5.0 (Windows NT 10.0; Win64; x64) AppleWebKit/537.36 (KHTML, like Gecko) Chrome/74.0.3729.169 Safari/537.36"
82.223.65.193 - - [07/Mar/2022:06:19:15 +0000] "HEAD /Wp HTTP/1.1" 500 0 "-" "Mozilla/5.0 (Windows NT 10.0; Win64; x64) AppleWebKit/537.36 (KHTML, like Gecko) Chrome/74.0.3729.169 Safari/537.36"
82.223.65.193 - - [07/Mar/2022:06:19:15 +0000] "HEAD /WP HTTP/1.1" 500 0 "-" "Mozilla/5.0 (Windows NT 10.0; Win64; x64) AppleWebKit/537.36 (KHTML, like Gecko) Chrome/74.0.3729.169 Safari/537.36"
82.223.65.193 - - [07/Mar/2022:06:19:15 +0000] "HEAD /old HTTP/1.1" 500 0 "-" "Mozilla/5.0 (Windows NT 10.0; Win64; x64) AppleWebKit/537.36 (KHTML, like Gecko) Chrome/74.0.3729.169 Safari/537.36"
82.223.65.193 - - [07/Mar/2022:06:19:15 +0000] "HEAD /Old HTTP/1.1" 500 0 "-" "Mozilla/5.0 (Windows NT 10.0; Win64; x64) AppleWebKit/537.36 (KHTML, like Gecko) Chrome/74.0.3729.169 Safari/537.36"
82.223.65.193 - - [07/Mar/2022:06:19:15 +0000] "HEAD /OLD HTTP/1.1" 500 0 "-" "Mozilla/5.0 (Windows NT 10.0; Win64; x64) AppleWebKit/537.36 (KHTML, like Gecko) Chrome/74.0.3729.169 Safari/537.36"
82.223.65.193 - - [07/Mar/2022:06:19:15 +0000] "HEAD /oldsite HTTP/1.1" 500 0 "-" "Mozilla/5.0 (Windows NT 10.0; Win64; x64) AppleWebKit/537.36 (KHTML, like Gecko) Chrome/74.0.3729.169 Safari/537.36"
82.223.65.193 - - [07/Mar/2022:06:19:16 +0000] "HEAD /new HTTP/1.1" 500 0 "-" "Mozilla/5.0 (Windows NT 10.0; Win64; x64) AppleWebKit/537.36 (KHTML, like Gecko) Chrome/74.0.3729.169 Safari/537.36"
82.223.65.193 - - [07/Mar/2022:06:19:16 +0000] "HEAD /New HTTP/1.1" 500 0 "-" "Mozilla/5.0 (Windows NT 10.0; Win64; x64) AppleWebKit/537.36 (KHTML, like Gecko) Chrome/74.0.3729.169 Safari/537.36"
82.223.65.193 - - [07/Mar/2022:06:19:16 +0000] "HEAD /NEW HTTP/1.1" 500 0 "-" "Mozilla/5.0 (Windows NT 10.0; Win64; x64) AppleWebKit/537.36 (KHTML, like Gecko) Chrome/74.0.3729.169 Safari/537.36"
82.223.65.193 - - [07/Mar/2022:06:19:16 +0000] "HEAD /wp-old HTTP/1.1" 500 0 "-" "Mozilla/5.0 (Windows NT 10.0; Win64; x64) AppleWebKit/537.36 (KHTML, like Gecko) Chrome/74.0.3729.169 Safari/537.36"
82.223.65.193 - - [07/Mar/2022:06:19:16 +0000] "HEAD /2020 HTTP/1.1" 500 0 "-" "Mozilla/5.0 (Windows NT 10.0; Win64; x64) AppleWebKit/537.36 (KHTML, like Gecko) Chrome/74.0.3729.169 Safari/537.36"
82.223.65.193 - - [07/Mar/2022:06:19:16 +0000] "HEAD /2019 HTTP/1.1" 500 0 "-" "Mozilla/5.0 (Windows NT 10.0; Win64; x64) AppleWebKit/537.36 (KHTML, like Gecko) Chrome/74.0.3729.169 Safari/537.36"
82.223.65.193 - - [07/Mar/2022:06:19:17 +0000] "HEAD /2018 HTTP/1.1" 500 0 "-" "Mozilla/5.0 (Windows NT 10.0; Win64; x64) AppleWebKit/537.36 (KHTML, like Gecko) Chrome/74.0.3729.169 Safari/537.36"
82.223.65.193 - - [07/Mar/2022:06:19:17 +0000] "HEAD /backup HTTP/1.1" 500 0 "-" "Mozilla/5.0 (Windows NT 10.0; Win64; x64) AppleWebKit/537.36 (KHTML, like Gecko) Chrome/74.0.3729.169 Safari/537.36"
82.223.65.193 - - [07/Mar/2022:06:19:17 +0000] "HEAD /test HTTP/1.1" 500 0 "-" "Mozilla/5.0 (Windows NT 10.0; Win64; x64) AppleWebKit/537.36 (KHTML, like Gecko) Chrome/74.0.3729.169 Safari/537.36"
82.223.65.193 - - [07/Mar/2022:06:19:17 +0000] "HEAD /Test HTTP/1.1" 500 0 "-" "Mozilla/5.0 (Windows NT 10.0; Win64; x64) AppleWebKit/537.36 (KHTML, like Gecko) Chrome/74.0.3729.169 Safari/537.36"
82.223.65.193 - - [07/Mar/2022:06:19:17 +0000] "HEAD /TEST HTTP/1.1" 500 0 "-" "Mozilla/5.0 (Windows NT 10.0; Win64; x64) AppleWebKit/537.36 (KHTML, like Gecko) Chrome/74.0.3729.169 Safari/537.36"
82.223.65.193 - - [07/Mar/2022:06:19:17 +0000] "HEAD /demo HTTP/1.1" 500 0 "-" "Mozilla/5.0 (Windows NT 10.0; Win64; x64) AppleWebKit/537.36 (KHTML, like Gecko) Chrome/74.0.3729.169 Safari/537.36"
82.223.65.193 - - [07/Mar/2022:06:19:17 +0000] "HEAD /bc HTTP/1.1" 500 0 "-" "Mozilla/5.0 (Windows NT 10.0; Win64; x64) AppleWebKit/537.36 (KHTML, like Gecko) Chrome/74.0.3729.169 Safari/537.36"
82.223.65.193 - - [07/Mar/2022:06:19:18 +0000] "HEAD /www HTTP/1.1" 500 0 "-" "Mozilla/5.0 (Windows NT 10.0; Win64; x64) AppleWebKit/537.36 (KHTML, like Gecko) Chrome/74.0.3729.169 Safari/537.36"
